Reusing configuration cache.
> Task :groovy-common:checkKotlinGradlePluginConfigurationErrors SKIPPED
> Task :groovy-jenkins:checkKotlinGradlePluginConfigurationErrors SKIPPED
> Task :groovy-gdsl:checkKotlinGradlePluginConfigurationErrors SKIPPED
> Task :groovy-build-tool:checkKotlinGradlePluginConfigurationErrors SKIPPED
> Task :groovy-junit:checkKotlinGradlePluginConfigurationErrors SKIPPED
> Task :groovy-parser:checkKotlinGradlePluginConfigurationErrors SKIPPED
> Task :groovy-formatter:checkKotlinGradlePluginConfigurationErrors SKIPPED
> Task :groovy-spock:checkKotlinGradlePluginConfigurationErrors SKIPPED
> Task :groovy-formatter:processResources NO-SOURCE
> Task :groovy-spock:processResources NO-SOURCE
> Task :groovy-parser:processResources NO-SOURCE
> Task :groovy-common:processResources NO-SOURCE
> Task :groovy-build-tool:processResources NO-SOURCE
> Task :groovy-testing:checkKotlinGradlePluginConfigurationErrors SKIPPED
> Task :groovy-diagnostics:api:checkKotlinGradlePluginConfigurationErrors SKIPPED
> Task :groovy-lsp:checkKotlinGradlePluginConfigurationErrors SKIPPED
> Task :groovy-testing:processResources NO-SOURCE
> Task :groovy-diagnostics:api:processResources NO-SOURCE
> Task :groovy-diagnostics:codenarc:checkKotlinGradlePluginConfigurationErrors SKIPPED
> Task :groovy-junit:processResources NO-SOURCE
> Task :groovy-gdsl:processResources UP-TO-DATE
> Task :groovy-jenkins:processResources UP-TO-DATE
> Task :groovy-diagnostics:codenarc:processResources UP-TO-DATE
> Task :groovy-diagnostics:api:compileKotlin UP-TO-DATE
> Task :groovy-gdsl:compileKotlin UP-TO-DATE
> Task :groovy-common:compileKotlin UP-TO-DATE
> Task :groovy-build-tool:compileKotlin UP-TO-DATE
> Task :groovy-gdsl:compileJava NO-SOURCE
> Task :groovy-build-tool:compileJava NO-SOURCE
> Task :groovy-common:compileJava NO-SOURCE
> Task :groovy-common:classes UP-TO-DATE
> Task :groovy-build-tool:classes UP-TO-DATE
> Task :groovy-gdsl:compileGroovy NO-SOURCE
> Task :groovy-gdsl:classes UP-TO-DATE
> Task :groovy-diagnostics:api:compileJava NO-SOURCE
> Task :groovy-diagnostics:api:classes UP-TO-DATE
> Task :groovy-gdsl:jar UP-TO-DATE
> Task :groovy-diagnostics:api:jar UP-TO-DATE
> Task :groovy-common:jar UP-TO-DATE
> Task :groovy-build-tool:jar UP-TO-DATE
> Task :groovy-parser:compileKotlin UP-TO-DATE
> Task :groovy-formatter:compileKotlin UP-TO-DATE
> Task :groovy-formatter:compileJava NO-SOURCE
> Task :groovy-formatter:classes UP-TO-DATE
> Task :groovy-parser:compileJava NO-SOURCE
> Task :groovy-parser:classes UP-TO-DATE
> Task :groovy-formatter:jar UP-TO-DATE
> Task :groovy-parser:jar UP-TO-DATE
> Task :groovy-jenkins:compileKotlin UP-TO-DATE
> Task :groovy-diagnostics:codenarc:compileKotlin UP-TO-DATE
> Task :groovy-diagnostics:codenarc:compileJava NO-SOURCE
> Task :groovy-diagnostics:codenarc:compileGroovy NO-SOURCE
> Task :groovy-diagnostics:codenarc:classes UP-TO-DATE
> Task :groovy-spock:compileKotlin UP-TO-DATE
> Task :groovy-spock:compileJava NO-SOURCE
> Task :groovy-spock:classes UP-TO-DATE
> Task :groovy-jenkins:compileJava NO-SOURCE
> Task :groovy-diagnostics:codenarc:jar UP-TO-DATE
> Task :groovy-jenkins:classes UP-TO-DATE
> Task :groovy-spock:jar UP-TO-DATE
> Task :groovy-jenkins:jar UP-TO-DATE
> Task :groovy-testing:compileKotlin UP-TO-DATE
> Task :groovy-testing:compileJava NO-SOURCE
> Task :groovy-testing:classes UP-TO-DATE
> Task :groovy-testing:jar UP-TO-DATE
> Task :groovy-junit:compileKotlin UP-TO-DATE
> Task :groovy-junit:compileJava NO-SOURCE
> Task :groovy-junit:classes UP-TO-DATE
> Task :groovy-junit:jar UP-TO-DATE
> Task :groovy-lsp:compileGroovy NO-SOURCE

> Task :groovy-lsp:compileKotlin FAILED
e: file:///Users/adsc/dev/ws/groovy-devtools/fix-issue-521/groovy-lsp/src/main/kotlin/com/github/albertocavalcante/groovylsp/services/JenkinsMetadataService.kt:23:70 No value passed for parameter 'cacheDir'.

FAILURE: Build failed with an exception.

* What went wrong:
Execution failed for task ':groovy-lsp:compileKotlin'.
> A failure occurred while executing org.jetbrains.kotlin.compilerRunner.GradleCompilerRunnerWithWorkers$GradleKotlinCompilerWorkAction
   > Compilation error. See log for more details

* Try:
> Run with --stacktrace option to get the stack trace.
> Run with --info or --debug option to get more log output.
> Run with --scan to generate a Build Scan (powered by Develocity).
> Get more help at https://help.gradle.org.

BUILD FAILED in 24s
26 actionable tasks: 1 executed, 25 up-to-date
Configuration cache entry reused.
