Reusing configuration cache.
> Task :groovy-common:checkKotlinGradlePluginConfigurationErrors SKIPPED
> Task :groovy-jenkins:checkKotlinGradlePluginConfigurationErrors SKIPPED
> Task :groovy-formatter:checkKotlinGradlePluginConfigurationErrors SKIPPED
> Task :groovy-gdsl:checkKotlinGradlePluginConfigurationErrors SKIPPED
> Task :groovy-build-tool:checkKotlinGradlePluginConfigurationErrors SKIPPED
> Task :groovy-junit:checkKotlinGradlePluginConfigurationErrors SKIPPED
> Task :groovy-parser:checkKotlinGradlePluginConfigurationErrors SKIPPED
> Task :groovy-build-tool:processResources NO-SOURCE
> Task :groovy-spock:checkKotlinGradlePluginConfigurationErrors SKIPPED
> Task :groovy-jenkins:processResources UP-TO-DATE
> Task :groovy-formatter:processResources NO-SOURCE
> Task :groovy-testing:checkKotlinGradlePluginConfigurationErrors SKIPPED
> Task :groovy-common:processResources NO-SOURCE
> Task :groovy-gdsl:processResources UP-TO-DATE
> Task :groovy-parser:processResources NO-SOURCE
> Task :groovy-junit:processResources NO-SOURCE
> Task :groovy-diagnostics:api:checkKotlinGradlePluginConfigurationErrors SKIPPED
> Task :groovy-spock:processResources NO-SOURCE
> Task :groovy-diagnostics:codenarc:checkKotlinGradlePluginConfigurationErrors SKIPPED
> Task :groovy-diagnostics:api:processResources NO-SOURCE
> Task :groovy-diagnostics:codenarc:processResources UP-TO-DATE
> Task :groovy-testing:processResources NO-SOURCE
> Task :groovyparser-core:checkKotlinGradlePluginConfigurationErrors SKIPPED
> Task :groovy-lsp:checkKotlinGradlePluginConfigurationErrors SKIPPED
> Task :groovy-lsp:generateVersionProperties UP-TO-DATE
> Task :groovy-gdsl:compileKotlin UP-TO-DATE
> Task :groovyparser-core:processResources NO-SOURCE
> Task :groovy-gdsl:compileJava NO-SOURCE
> Task :groovy-lsp:processTestResources UP-TO-DATE
> Task :groovy-gdsl:compileGroovy NO-SOURCE
> Task :groovy-lsp:processResources UP-TO-DATE
> Task :groovy-gdsl:classes UP-TO-DATE
> Task :groovy-lsp:koverFindJar UP-TO-DATE
> Task :groovy-common:compileKotlin UP-TO-DATE
> Task :groovy-diagnostics:api:compileKotlin UP-TO-DATE
> Task :groovy-build-tool:compileKotlin UP-TO-DATE
> Task :groovy-common:compileJava NO-SOURCE
> Task :groovy-common:classes UP-TO-DATE
> Task :groovyparser-core:compileKotlin UP-TO-DATE
> Task :groovy-gdsl:jar UP-TO-DATE
> Task :groovy-build-tool:compileJava NO-SOURCE
> Task :groovy-common:jar UP-TO-DATE
> Task :groovy-build-tool:classes UP-TO-DATE
> Task :groovy-diagnostics:api:compileJava NO-SOURCE
> Task :groovy-diagnostics:api:classes UP-TO-DATE
> Task :groovyparser-core:compileJava NO-SOURCE
> Task :groovyparser-core:classes UP-TO-DATE
> Task :groovy-build-tool:jar UP-TO-DATE
> Task :groovyparser-core:jar UP-TO-DATE
> Task :groovy-diagnostics:api:jar UP-TO-DATE
> Task :groovy-formatter:compileKotlin UP-TO-DATE
> Task :groovy-parser:compileKotlin UP-TO-DATE
> Task :groovy-parser:compileJava NO-SOURCE
> Task :groovy-formatter:compileJava NO-SOURCE
> Task :groovy-parser:classes UP-TO-DATE
> Task :groovy-formatter:classes UP-TO-DATE
> Task :groovy-parser:jar UP-TO-DATE
> Task :groovy-formatter:jar UP-TO-DATE
> Task :groovy-jenkins:compileKotlin UP-TO-DATE
> Task :groovy-spock:compileKotlin UP-TO-DATE
> Task :groovy-diagnostics:codenarc:compileKotlin UP-TO-DATE
> Task :groovy-jenkins:compileJava NO-SOURCE
> Task :groovy-jenkins:classes UP-TO-DATE
> Task :groovy-spock:compileJava NO-SOURCE
> Task :groovy-spock:classes UP-TO-DATE
> Task :groovy-diagnostics:codenarc:compileJava NO-SOURCE
> Task :groovy-spock:jar UP-TO-DATE
> Task :groovy-diagnostics:codenarc:compileGroovy NO-SOURCE
> Task :groovy-jenkins:jar UP-TO-DATE
> Task :groovy-diagnostics:codenarc:classes UP-TO-DATE
> Task :groovy-diagnostics:codenarc:jar UP-TO-DATE
> Task :groovy-testing:compileKotlin UP-TO-DATE
> Task :groovy-testing:compileJava NO-SOURCE
> Task :groovy-testing:classes UP-TO-DATE
> Task :groovy-testing:jar UP-TO-DATE
> Task :groovy-junit:compileKotlin UP-TO-DATE
> Task :groovy-junit:compileJava NO-SOURCE
> Task :groovy-junit:classes UP-TO-DATE
> Task :groovy-junit:jar UP-TO-DATE
> Task :groovy-lsp:compileGroovy NO-SOURCE
> Task :groovy-lsp:compileKotlin UP-TO-DATE
> Task :groovy-lsp:compileJava NO-SOURCE
> Task :groovy-lsp:classes UP-TO-DATE
> Task :groovy-lsp:compileTestGroovy NO-SOURCE
> Task :groovy-lsp:jar UP-TO-DATE
> Task :groovy-lsp:compileTestKotlin UP-TO-DATE
> Task :groovy-lsp:compileTestJava UP-TO-DATE
> Task :groovy-lsp:testClasses UP-TO-DATE

> Task :groovy-lsp:test
╔════════════════════════════════════════╗
║      Test Monitoring Active            ║
╠════════════════════════════════════════╣
║ Task timeout:        20 minutes
║ JUnit timeout:       300s
║ Max parallel forks:  5
║ CPU cores:           10
║ Max heap:            4g
║ JVM log:             build/test-jvm.log
╚════════════════════════════════════════╝

GroovyCompilationServiceClasspathTest > findClasspathClass returns null for non-existent class() PASSED

GroovyCompilationServiceClasspathTest > findClasspathClass returns URI for standard JDK class() PASSED

GroovyLanguageServerCapabilitiesContractTest > server capabilities align with supported features() PASSED

GroovyCompilationServiceTest > test compile with syntax error test resource files() PASSED

GroovyCompilationServiceTest > test getDiagnostics handles compilation gracefully for unusual syntax() PASSED

GdkCompletionE2ETest > test GDK completion via LSP() PASSED

GroovyCompilationServiceTest > test ensureCompiled returns correct sourceText from cache() PASSED

GroovyCompilationServiceTest > test diagnostics contain proper position information() PASSED

GroovyCompilationServiceTest > test getDiagnostics returns empty for valid file() PASSED

GroovyCompilationServiceTest > test getAst returns null for uncompiled file() PASSED

GroovyCompilationServiceTest > updateSelectedWorker clears cache when worker changes() PASSED

GroovyCompilationServiceTest > test compile updates cache when content changes() PASSED

GroovyCompilationServiceTest > test compile caches AST for repeated requests() PASSED

GroovyCompilationServiceTest > test compile valid groovy file returns success with no errors() PASSED

ASTCompletionIntegrationTest > diagnostics should be published for syntax errors with correct positions() PASSED

GroovyCompilationServiceTest > test compile with real test resource files() PASSED

GroovyCompilationServiceTest > test compile invalid groovy file returns errors() PASSED

ASTCompletionIntegrationTest > completion should include AST symbols from current file() PASSED

ASTCompletionIntegrationTest > completion should work with multiple classes in same file() PASSED

JenkinsBundledCompletionTest > jenkinsfile should suggest map keys for bundled steps() PASSED

GroovyLanguageServerFeatureMatrixTest > workspace symbol search returns matches() PASSED

GroovyLanguageServerFeatureMatrixTest > completion provider returns static suggestions() PASSED

GroovyLanguageServerFeatureMatrixTest > document symbols return symbols() PASSED

GroovyLanguageServerFeatureMatrixTest > definition provider resolves class constructor reference() PASSED

GroovyLanguageServerFeatureMatrixTest > rename operation updates variable references() PASSED

GroovyLanguageServerFeatureMatrixTest > type definition resolves to class declaration() PASSED

JenkinsBundledCompletionTest > jenkinsfile should include bundled jenkins step completions() PASSED

GroovyLanguageServerFeatureMatrixTest > hover provider returns markdown() PASSED

JenkinsBundledCompletionTest > jenkinsfile should provide rich hover for Jenkins steps() PASSED

GdkCompletionE2ETest > test Type Parameter completion via LSP() PASSED

JenkinsParsingTest > test pipeline block resolves successfully with stubs() PASSED

GroovyLanguageServerTest > test document open compiles valid groovy file() PASSED

GroovyLanguageServerTest > test server initialization() PASSED

GroovyLanguageServerTest > test completion returns items() PASSED

GroovyLanguageServerTest > test shutdown and exit() PASSED

GroovyLanguageServerTest > test hover returns content() PASSED

MinimalTest > test basic invalid groovy compilation() PASSED

ParserDiagnosticExtensionsTest > converts parser diagnostic to lsp diagnostic() PASSED

ServerConfigurationTest > parse worker descriptors from config() PASSED

ServerConfigurationTest > parse groovy language version override() PASSED

ServerConfigurationTest > missing language version keeps default() PASSED

CompletionDslTest > GroovyCompletions basic set() PASSED

CompletionDslTest > multiple completions with completions DSL() PASSED

CompletionDslTest > method completion shorthand() PASSED

CompletionDslTest > keyword completion without snippet() PASSED

CompletionDslTest > field completion shorthand() PASSED

CompletionDslTest > keyword completion shorthand() PASSED

CompletionDslTest > completions builder with add methods() PASSED

CompletionDslTest > variable completion shorthand() PASSED

CompletionDslTest > completion with snippet() PASSED

CompletionDslTest > property completion shorthand() PASSED

CompletionDslTest > completion with plain text documentation() PASSED

CompletionDslTest > completion with sort and filter text() PASSED

CompletionDslTest > DSL is immutable - builder reuse doesn't affect previous results() PASSED

CompletionDslTest > completion with custom insert text() PASSED

CompletionDslTest > class completion shorthand() PASSED

CompletionDslTest > basic completion with label and kind() PASSED

CompletionDslTest > class completion without package() PASSED

CompletionDslTest > completion with markdown documentation() PASSED

EngineConfigurationTest > EngineType fromString parses openrewrite case-insensitively() PASSED

EngineConfigurationTest > EngineType fromString parses core case-insensitively() PASSED

JenkinsVarsDefinitionIntegrationTest > should not find definition for unknown method() PASSED

MainCompatTest > test socket command fails if port is bound() PASSED

EngineConfigurationTest > EngineConfiguration has sensible defaults() FAILED
    org.opentest4j.AssertionFailedError: expected: <Native> but was: <Core>
        at app//org.junit.jupiter.api.AssertionFailureBuilder.build(AssertionFailureBuilder.java:158)
        at app//org.junit.jupiter.api.AssertionFailureBuilder.buildAndThrow(AssertionFailureBuilder.java:139)
        at app//org.junit.jupiter.api.AssertEquals.failNotEqual(AssertEquals.java:201)
        at app//org.junit.jupiter.api.AssertEquals.assertEquals(AssertEquals.java:184)
        at app//org.junit.jupiter.api.AssertEquals.assertEquals(AssertEquals.java:179)
        at app//org.junit.jupiter.api.Assertions.assertEquals(Assertions.java:1188)
        at app//com.github.albertocavalcante.groovylsp.engine.config.EngineConfigurationTest.EngineConfiguration has sensible defaults(EngineConfigurationTest.kt:79)

EngineConfigurationTest > EngineType fromString defaults to Native for unknown values() PASSED

EngineConfigurationTest > EngineConfiguration can be created with custom values() PASSED

EngineConfigurationTest > EngineType id returns correct identifier() PASSED

EngineConfigurationTest > EngineType entries contains all types() PASSED

EngineConfigurationTest > EngineType fromString parses native case-insensitively() PASSED

EngineConfigurationTest > exhaustive when compiles for EngineType() PASSED

EngineConfigurationTest > EngineType fromString defaults to Native for null() PASSED

CoreCompletionServiceTest > getCompletions returns non-empty list for keyword completion() PASSED

CoreCompletionServiceTest > getCompletions includes symbols from context() PASSED

CoreCompletionServiceTest > getCompletions works when parseUnit is null() PASSED

MainCompatTest > test socket command is available() PASSED

MainCompatTest > test socket command arg validation() PASSED

MainCompatTest > test stdio command is available() PASSED

CoreCompletionServiceTest > getCompletions includes Groovy keywords() PASSED

FormattingActionTest > returns null when content already formatted() PASSED

FormattingActionTest > handles multiline content() PASSED

FormattingActionTest > handles empty content() PASSED

FormattingActionTest > returns null when formatter throws exception() PASSED

FormattingActionTest > creates formatting action when content changes() PASSED

JenkinsVarsDefinitionIntegrationTest > should navigate to different vars files() PASSED

RangeValidationTest > returns empty list when start character exceeds line length() PASSED

JenkinsVarsDefinitionIntegrationTest > should navigate to class definition in src directory() SKIPPED

RangeValidationTest > processes valid line at boundary - last line() PASSED

RangeValidationTest > returns empty list when end character exceeds line length() PASSED

RangeValidationTest > returns empty list for empty content with out of bounds line() PASSED

RangeValidationTest > returns empty list when start character is negative() PASSED

RangeValidationTest > returns empty list when line number is negative() PASSED

RangeValidationTest > returns empty list when line number exceeds source line count() PASSED

RangeValidationTest > returns empty list when line number equals source line count() PASSED

RangeValidationTest > returns empty list when line number is very large() PASSED

RangeValidationTest > processes valid line at boundary - first line() PASSED

RangeValidationTest > returns empty list when start character is greater than end character() PASSED

RangeValidationTest > returns empty list when line number is very negative() PASSED

RangeValidationTest > returns empty list for empty content with any line number() PASSED

ConventionFixHandlersTest > def handler removes def from typed variable declaration() PASSED

ConventionFixHandlersTest > public modifier handler handles indented declarations() PASSED

ConventionFixHandlersTest > public modifier handler removes public from method declaration() PASSED

ConventionFixHandlersTest > dotClass handler removes dot class from String class() PASSED

ConventionFixHandlersTest > getter handler converts getName() to name() PASSED

ConventionFixHandlersTest > def handler removes def from typed variable with initialization() PASSED

ConventionFixHandlersTest > def handler handles indented declarations() PASSED

ConventionFixHandlersTest > dotClass handler handles fully qualified class names() PASSED

ConventionFixHandlersTest > setter handler handles indented setter calls() PASSED

ConventionFixHandlersTest > dotClass handler removes dot class from Integer class() PASSED

ConventionFixHandlersTest > setter handler preserves case for acronyms like setURL()() PASSED

ConventionFixHandlersTest > getter handler preserves case for acronyms like getURL()() PASSED

ConventionFixHandlersTest > setter handler handles setID() correctly() PASSED

ConventionFixHandlersTest > public modifier handler removes public from class declaration() PASSED

ConventionFixHandlersTest > dotClass handler handles indented class literals() PASSED

ConventionFixHandlersTest > getter handler handles getID() correctly() PASSED

ConventionFixHandlersTest > setter handler converts setName(value) to name = value() PASSED

ConventionFixHandlersTest > getter handler handles indented getter calls() PASSED

ConventionFixHandlersTest > dotClass handler handles inner class references() PASSED

JenkinsVarsDefinitionIntegrationTest > should navigate to vars file from method call() PASSED

NonBlockingServerTest > test server lifecycle with non-blocking harness() PASSED

LRUCacheTest > snapshot preserves access order() PASSED

LRUCacheTest > evicts least recently used on put() PASSED

LRUCacheTest > updates access order on get() PASSED

MainFormatTest > format prints formatted content for a file() PASSED

MainFormatTest > format throws for missing files() PASSED

DiagnosticConfigTest > denylist takes precedence over enabledByDefault() PASSED

DiagnosticConfigTest > denylist takes precedence over allowlist() PASSED

DiagnosticConfigTest > provider enabled when in allowlist even if disabled by default() PASSED

DiagnosticConfigTest > provider enabled by default when not in denylist() PASSED

DiagnosticConfigTest > provider disabled by default when not in allowlist() PASSED

DiagnosticConfigTest > provider disabled when in denylist() PASSED

DiagnosticConfigTest > allowlist overrides enabledByDefault=false() PASSED

DocumentationServiceTest > builder creates service with providers() PASSED

SymbolExtractionTest > extract symbols from import statements() PASSED

DocumentationServiceTest > service returns doc from highest priority provider() PASSED

SymbolExtractionTest > extract field declarations from class() PASSED

DocumentationServiceTest > service respects canHandle filter() PASSED

DocumentationServiceTest > service returns null when no providers handle node() PASSED

DocumentationServiceTest > service skips providers that return null() PASSED

SymbolExtractionTest > extract class names from simple groovy file() PASSED

CoreParserAdapterTest > allSymbols returns class with correct name() PASSED

CoreParserAdapterTest > allSymbols identifies enums correctly() PASSED

CoreParserAdapterTest > diagnostics handle position-only problems() PASSED

CoreParserAdapterTest > nodeAt returns null when no parse result() PASSED

CoreParserAdapterTest > isSuccessful returns false when has errors() PASSED

CoreParserAdapterTest > allSymbols returns empty when parse result is null() PASSED

CoreParserAdapterTest > diagnostics handle problems without location() PASSED

CoreParserAdapterTest > diagnostics have 0-based positions converted from 1-based() PASSED

CoreParserAdapterTest > allSymbols identifies interfaces correctly() PASSED

CoreParserAdapterTest > allSymbols returns empty when no types() PASSED

CoreParserAdapterTest > isSuccessful returns true when no errors() PASSED

CoreParserAdapterTest > diagnostics are converted with correct severity() PASSED

SymbolExtractionTest > extract local variable symbols with type inference() PASSED

SymbolExtractionTest > extract method signatures from class() PASSED

DocExtractorTest > handles documentation with annotations before method() PASSED

OpenJDK 64-Bit Server VM warning: Sharing is only supported for boot loader classes because bootstrap classpath has been appended
OpenJDK 64-Bit Server VM warning: Sharing is only supported for boot loader classes because bootstrap classpath has been appended
OpenJDK 64-Bit Server VM warning: Sharing is only supported for boot loader classes because bootstrap classpath has been appended

> Task :groovy-lsp:test

DocExtractorTest > returns empty documentation when no doc comment exists() PASSED

DocExtractorTest > extracts documentation with throws and deprecated() PASSED

DocExtractorTest > extracts method documentation with params and return() PASSED

DocExtractorTest > extracts simple summary from groovydoc() PASSED

DocExtractorTest > returns empty documentation when node not found() PASSED

NativeLanguageEngineTest > session result metadata properties are accessible() PASSED

NativeLanguageEngineTest > session persists after multiple getSession calls() PASSED

NativeLanguageEngineTest > getSession returns null for uncached file() PASSED

NativeLanguageEngineTest > session diagnostics are mapped correctly for valid code() PASSED

NativeLanguageEngineTest > diagnostics list is immutable and safe to iterate() PASSED

NativeLanguageEngineTest > session handles script files() PASSED

NativeLanguageEngineTest > session diagnostics are mapped correctly for code with warnings() PASSED

NativeLanguageEngineTest > session handles packages and imports() PASSED

NativeLanguageEngineTest > session result isSuccess is true for valid code() PASSED

GroovyLanguageServerFeatureMatrixTest > formatting returns edits for unformatted document() PASSED

GroovyLanguageServerFeatureMatrixTest > references provider finds variable usages() PASSED

ConcurrencyStressTest > test rapid concurrent modifications and completion requests() PASSED

LocationConverterTest > test nodeToLocation with node without position() PASSED

LocationConverterTest > test nodeToRange() PASSED

LocationConverterTest > test nodeToLocation with valid AST node() PASSED

DiagnosticDslTest > diagnostic with point range using at()() PASSED

DiagnosticDslTest > diagnostic with default values() PASSED

DiagnosticDslTest > syntaxError shorthand() PASSED

DiagnosticDslTest > diagnostic with line range() PASSED

DiagnosticDslTest > diagnostic with different severity levels() PASSED

DiagnosticDslTest > multiple diagnostics with diagnostics DSL() PASSED

DiagnosticDslTest > diagnostic with multi-line range() PASSED

DiagnosticDslTest > typeError shorthand() PASSED

DiagnosticDslTest > DSL is immutable - builder reuse doesn't affect previous results() PASSED

DiagnosticDslTest > diagnostic with string and numeric codes() PASSED

DiagnosticDslTest > diagnostics builder with add methods() PASSED

DiagnosticDslTest > single diagnostic with basic properties() PASSED

JenkinsVarsCompletionIntegrationTest > vars completions should coexist with bundled Jenkins steps() PASSED

JenkinsVarsCompletionIntegrationTest > vars without txt files should still complete() PASSED

OpenJDK 64-Bit Server VM warning: Sharing is only supported for boot loader classes because bootstrap classpath has been appended

> Task :groovy-lsp:test

JenkinsVarsCompletionIntegrationTest > should show hover documentation for vars calls() PASSED

UnifiedDocumentSymbolProviderTest > getDocumentSymbols maps unified symbols to LSP symbols() PASSED

JenkinsVarsCompletionIntegrationTest > vars completions should include documentation from txt files() PASSED

JenkinsVarsCompletionIntegrationTest > empty vars directory should not break completions() PASSED

JenkinsVarsCompletionIntegrationTest > vars completions should insert as method call with parens() PASSED

TestCodeLensProviderTest > should provide Run and Debug CodeLenses for Spock features() PASSED

JenkinsStepCompletionProviderTest > required parameters should sort before optional when sorted by sortText() PASSED

JenkinsStepCompletionProviderTest > parameter completions should filter out existing keys() PASSED

JenkinsStepCompletionProviderTest > step completions should include plugin info in detail() PASSED

JenkinsStepCompletionProviderTest > optional parameters should have sortText starting with 1() PASSED

JenkinsStepCompletionProviderTest > required parameters should have sortText starting with 0() PASSED

SignatureHelpProviderTest > handles multiple method overloads() PASSED

JenkinsVarsCompletionIntegrationTest > should complete vars global variables in Jenkinsfile() PASSED

SignatureHelpProviderTest > handles explicit Object receiver for hashCode() PASSED

SignatureHelpProviderTest > handles nested method calls correctly() PASSED

SignatureHelpProviderTest > returns signatures for method call() PASSED

SignatureHelpProviderTest > returns empty signature help when no method call is found() PASSED

SignatureHelpProviderTest > displays array parameters correctly as Type brackets() PASSED

SignatureHelpProviderTest > TODO - chained method call signature help() PASSED

SignatureHelpProviderTest > clamps active parameter to last index() PASSED

SignatureHelpProviderTest > cursor after comma selects next parameter() PASSED

SignatureHelpProviderTest > cursor after last argument selects upcoming parameter() PASSED

SignatureHelpProviderTest > TODO - constructor signature help() PASSED

SignatureHelpProviderTest > cursor in empty argument list stays at first parameter() PASSED

SignatureHelpProviderTest > handles varargs parameters() PASSED

SignatureHelpProviderTest > computes active parameter based on caret() PASSED

SignatureHelpProviderTest > includes default values in parameter labels() PASSED

SignatureHelpProviderTest > returns signatures for Script-level println GDK method() PASSED

SignatureHelpProviderTest > TODO - closure parameter display() PASSED

SignatureHelpProviderTest > handles static method calls() PASSED

FixHandlerRegistryTest > getTitle returns correct title for registered rule() PASSED

FixHandlerRegistryTest > getRegisteredRules returns non-empty set() PASSED

FixHandlerRegistryTest > unregistered handler returns null() PASSED

FixHandlerRegistryTest > getRegisteredRulesWithTitles returns consistent data() PASSED

FixHandlerRegistryTest > all registered rules have handlers() PASSED

FixHandlerRegistryTest > handler and title lookups are consistent() PASSED

FixHandlerRegistryTest > registered handler returns non-null for TrailingWhitespace() PASSED

FixHandlerRegistryTest > all registered rules have titles() PASSED

FixHandlerRegistryTest > getTitle returns default title for unregistered rule() PASSED

LintFixActionTest > handles diagnostic with very long message() PASSED

LintFixActionTest > handles multiline content() PASSED

LintFixActionTest > handles mixed valid and invalid diagnostics() PASSED

LintFixActionTest > returns empty list when no diagnostics() PASSED

LintFixActionTest > accepts CodeNarc source case-insensitively() PASSED

LintFixActionTest > returns empty list when diagnostic source is null() PASSED

LintFixActionTest > returns empty list when handler returns null() PASSED

LintFixActionTest > returns empty list for unregistered rule() PASSED

LintFixActionTest > handles multiple diagnostics correctly() PASSED

LintFixActionTest > handles empty content() PASSED

LintFixActionTest > handles content with special characters() PASSED

LintFixActionTest > handles diagnostic code as Either Right (number)() PASSED

LintFixActionTest > handles content with many lines() PASSED

LintFixActionTest > handles diagnostic code as Either Left (string)() PASSED

LintFixActionTest > returns empty list when diagnostic code is null() PASSED

LintFixActionTest > returns empty list for non-CodeNarc diagnostics() PASSED

MainTest > test format command formats groovy file(File) PASSED

MainTest > test help is available on root command() PASSED

GdkCompletionIntegrationTest > should provide forEach completion even with syntax errors() PASSED

UnifiedDefinitionProviderTest > getDefinition returns LocationLinks when definitions found() PASSED

UnifiedDefinitionProviderTest > getDefinition returns empty when no definitions found() PASSED

UnifiedDefinitionProviderTest > getDefinition returns empty when node at position is null() PASSED

GdkCompletionIntegrationTest > should provide GDK method completions for List() PASSED

GdkCompletionIntegrationTest > should provide forEach completion for List in class method() PASSED

GdkCompletionIntegrationTest > should provide GDK method completions for String() PASSED

GdkCompletionIntegrationTest > should provide forEach completion for List() PASSED

GdkCompletionIntegrationTest > should provide JDK method completions for String() PASSED

MainTest > test check command reports errors(File) PASSED

UnusedImportDiagnosticProviderTest > should identify unused import() PASSED

UnusedImportDiagnosticProviderTest > should return empty list when no imports() PASSED

UnusedImportDiagnosticProviderTest > should not report used import() PASSED

ImplementationProviderTest > test implementations at position with no symbol() PASSED

ImplementationProviderTest > test find implementation across packages with imports() PASSED

ImplementationProviderTest > test concrete class has no implementations() PASSED

ImplementationProviderTest > test find abstract class implementation() PASSED

ImplementationProviderTest > test implementations without compilation() PASSED

ImplementationProviderTest > test method signature matching with FQN vs simple name types() PASSED

ImplementationProviderTest > test find implementation across multiple files() PASSED

ImplementationProviderTest > test find method implementation in interface() PASSED

ImplementationProviderTest > test concrete method has no implementations() PASSED

ImplementationProviderTest > test method signature matching with parameters() PASSED

ImplementationProviderTest > test find superclass interface implementation() PASSED

ImplementationProviderTest > test find interface implementation - multiple classes() PASSED

ImplementationProviderTest > test no implementations for interface without implementations() PASSED

ImplementationProviderTest > test implementations with invalid URI() PASSED

ImplementationProviderTest > test find interface implementation - single class() PASSED

ImplementationProviderTest > test interface with multiple methods - each method finds its implementation() PASSED

ImplementationProviderTest > test exclude abstract classes from implementations() PASSED

ImplementationProviderTest > test find abstract method implementation() PASSED

ImplementationProviderTest > test find transitive interface implementation() PASSED

SymbolLspExtensionsTest > constructor symbol uses class name in signature() PASSED

SymbolLspExtensionsTest > class symbol converts to document and symbol information() PASSED

SymbolLspExtensionsTest > constructor symbol uses fallback name when owner missing() PASSED

SymbolLspExtensionsTest > method symbol includes signature in detail() PASSED

MainTest > test check respects no-color flag(File) PASSED

MainTest > test version command outputs version string() PASSED

GroovyGdkProviderTest > should handle class hierarchy() PASSED

GroovyGdkProviderTest > should return object methods for unknown type() PASSED

GroovyGdkProviderTest > should return GDK methods for java_lang_String() PASSED

GroovyGdkProviderTest > should include origin class in method info() PASSED

GroovyGdkProviderTest > should initialize and build GDK index() PASSED

GroovyGdkProviderTest > should return GDK methods for java_util_List() PASSED

GroovyGdkProviderTest > should handle common type fallbacks when class loader fails() PASSED

GroovyGdkProviderTest > should deduplicate methods by signature() PASSED

GroovyGdkProviderTest > should include documentation for GDK methods() PASSED

GroovyGdkProviderTest > should synthesize parameters correctly() PASSED

MainTest > test check command checks groovy file(File) PASSED

MainTest > test execute command runs groovy version() PASSED

JenkinsCommandTest > PluginsParser Integration > parses plugins from file for extract command(Path) PASSED

JenkinsCommandTest > PluginsParser Integration > returns empty for comments-only file(Path) PASSED

JenkinsCommandTest > PluginsParser Integration > detects duplicate plugins for validate command(Path) PASSED

JenkinsCommandTest > Command Existence > JenkinsCommand can be instantiated() PASSED

JenkinsCommandTest > Command Existence > ValidateCommand can be instantiated() PASSED

JenkinsCommandTest > Command Existence > ExtractCommand can be instantiated() PASSED

LogLevelConfiguratorTest > apply changes Logback root logger level() PASSED

LogLevelConfiguratorTest > ServerConfiguration parses logLevel from map() PASSED

LogLevelConfiguratorTest > ServerConfiguration defaults logLevel to INFO when not specified() PASSED

UnifiedCompletionProviderTest > getCompletion delegates to service() PASSED

CoreDefinitionServiceTest > findDefinition returns empty list when node has no name() PASSED

LogLevelConfiguratorTest > LogLevel fromString parses correctly(String, String) > [1] "error", "ERROR" PASSED

LogLevelConfiguratorTest > LogLevel fromString parses correctly(String, String) > [2] "warn", "WARN" PASSED

LogLevelConfiguratorTest > LogLevel fromString parses correctly(String, String) > [3] "info", "INFO" PASSED

LogLevelConfiguratorTest > LogLevel fromString parses correctly(String, String) > [4] "debug", "DEBUG" PASSED

LogLevelConfiguratorTest > LogLevel fromString parses correctly(String, String) > [5] "trace", "TRACE" PASSED

LogLevelConfiguratorTest > LogLevel fromString parses correctly(String, String) > [6] "ERROR", "ERROR" PASSED

LogLevelConfiguratorTest > LogLevel fromString parses correctly(String, String) > [7] "DEBUG", "DEBUG" PASSED

LogLevelConfiguratorTest > LogLevel fromString parses correctly(String, String) > [8] "Invalid", "INFO" PASSED

LogLevelConfiguratorTest > LogLevel fromString parses correctly(String, String) > [9] null, "INFO" PASSED

LogLevelConfiguratorTest > ServerConfiguration handles invalid logLevel gracefully() PASSED

LogLevelConfiguratorTest > apply changes Groovy LSP specific logger level() PASSED

CoreDefinitionServiceTest > findDefinition finds class type() PASSED

GroovyDocumentationTest > documentation can be combined() PASSED

GroovyDocumentationTest > plaintext factory creates correct format() PASSED

GroovyDocumentationTest > markdown factory creates correct format() PASSED

CoreDefinitionServiceTest > findDefinition returns empty list when originalNode is not a core AST Node() PASSED

CoreDefinitionServiceTest > findDefinition returns empty list when node is null() PASSED

CoreDefinitionServiceTest > findDefinition finds method in same class() PASSED

ImportActionTest > returns empty list when diagnostics not about missing symbols() PASSED

ImportActionTest > handles multiple diagnostics() PASSED

JenkinsMetadataServiceTest > initialize downloads and registers plugins from plugins file() PASSED

JenkinsMetadataServiceTest > initialize does nothing if plugins file is missing() PASSED

JdkSourceResolverTest > FindSrcZipTest > findSrcZip returns path when JAVA_HOME is set and src_zip exists() PASSED

JdkSourceResolverTest > ParseJrtUriTest > parses java_xml module DocumentBuilder correctly() PASSED

JdkSourceResolverTest > ParseJrtUriTest > returns null for malformed jrt URI without path separator() PASSED

JdkSourceResolverTest > ParseJrtUriTest > parses nested class URIs correctly() PASSED

JdkSourceResolverTest > ParseJrtUriTest > parses java_base module SimpleDateFormat correctly() PASSED

JdkSourceResolverTest > ParseJrtUriTest > parses java_base module Date class correctly() PASSED

JdkSourceResolverTest > ParseJrtUriTest > returns null for non-jrt scheme() PASSED

JdkSourceResolverTest > ParseJrtUriTest > returns null for file scheme() PASSED

JdkSourceResolverTest > ParseJrtUriTest > parses java_sql module Connection correctly() PASSED

JdkSourceResolverTest > StatisticsTest > getStatistics returns expected keys() PASSED

ImportActionTest > finds import insertion point after package declaration() PASSED

ImportActionTest > finds import insertion point after existing imports() PASSED

ImportActionTest > returns empty list when no diagnostics() PASSED

ImportActionTest > handles content with no package declaration() PASSED

ImportActionTest > extracts symbol name from unable to resolve class message() PASSED

ImportActionTest > creates import action when symbol found in workspace() PASSED

ImportActionTest > extracts symbol name from cannot find symbol message() PASSED

ImportActionTest > extracts symbol name from unresolved reference message() PASSED

ImportActionTest > returns empty list when no candidates found for missing symbol() PASSED

OpenJDK 64-Bit Server VM warning: Sharing is only supported for boot loader classes because bootstrap classpath has been appended

> Task :groovy-lsp:test

CompletionComplexTest > test completions in kitchen sink scenarios() PASSED

SnippetBuilderTest > should build snippet for enum with validValues() PASSED

SnippetBuilderTest > should build snippet for closure parameter() PASSED

SnippetBuilderTest > should build snippet for boolean parameter with choice() PASSED

SnippetBuilderTest > should escape dollar sign in validValues() PASSED

SnippetBuilderTest > should not quote int validValues() PASSED

SnippetBuilderTest > should build snippet for List parameter() PASSED

SnippetBuilderTest > should handle array types as list() PASSED

SnippetBuilderTest > should handle unknown types as String() PASSED

SnippetBuilderTest > should build snippet for Integer wrapper type without quotes() PASSED

SnippetBuilderTest > should build snippet for Map parameter() PASSED

SnippetBuilderTest > should build snippet for String parameter with quotes() PASSED

SnippetBuilderTest > should escape special characters in validValues() PASSED

SnippetBuilderTest > should build snippet for Boolean wrapper type with choice() PASSED

SnippetBuilderTest > should build snippet for int parameter without quotes() PASSED

FoldingRangeProviderTest > test empty class folding() PASSED

GdkCompletionIntegrationTest > should provide type completions for generics() PASSED

FoldingRangeProviderTest > test class with methods() PASSED

FoldingRangeProviderTest > test nested classes() PASSED

FoldingRangeProviderTest > test non folding single lines() PASSED

ReferenceProviderTest > test references without compilation() PASSED

ReferenceProviderTest > test references at position with no symbol() PASSED

ReferenceProviderTest > test references with invalid URI() PASSED

DefinitionProviderTest > test no definition found() PASSED

DefinitionProviderTest > test field access definition() PASSED

DefinitionProviderTest > test definition without compilation() PASSED

DefinitionProviderTest > test local variable definition() PASSED

DefinitionProviderTest > test class definition() PASSED

DefinitionProviderTest > test method definition() PASSED

DefinitionProviderTest > test definition with invalid uri() PASSED

ReferenceProviderTest > test no references found for unique symbol() PASSED

ReferenceProviderTest > test parameter references() PASSED

ReferenceProviderTest > test find method references() PASSED

ReferenceProviderTest > test find class references() PASSED

ReferenceProviderTest > test find variable references without declaration() PASSED

ReferenceProviderTest > test find variable references in same scope() PASSED

ReferenceProviderTest > test find field references() PASSED

SymbolStorageTest > test buildFromVisitor creates symbol storage() PASSED

SymbolStorageTest > test search non-existent symbol() PASSED

SymbolStorageTest > test empty storage behavior() PASSED

SymbolStorageTest > test symbol lookup by name() PASSED

SymbolStorageTest > test immutable nature of SymbolStorage() PASSED

GroovyTextDocumentServiceFormattingTest > formatting returns edit when formatter changes content() PASSED

GroovyTextDocumentServiceFormattingTest > formatting reports error telemetry when formatter throws() PASSED

GroovyTextDocumentServiceFormattingTest > formatting returns empty list when document missing() PASSED

GroovyTextDocumentServiceFormattingTest > formatting reports exception type when formatter throws without message() PASSED

GroovyTextDocumentServiceFormattingTest > formatting returns empty list when content unchanged() PASSED

GroovyTextDocumentServiceFormattingTest > formatting succeeds when client unavailable() PASSED

GroovyTextDocumentServiceFormattingTest > formatting handles concurrent requests without telemetry contamination() PASSED

GroovyTextDocumentServiceFormattingTest > formatting telemetry indicates ignored options() PASSED

GroovyTextDocumentServiceFormattingTest > formatting propagates cancellation without telemetry() PASSED

JdkSourceResolverTest > ResolveJdkSourceIntegrationTest > resolveJdkSource returns line number for JDK class() PASSED

JdkSourceResolverTest > ResolveJdkSourceIntegrationTest > resolveJdkSource returns documentation for JDK class() PASSED

GroovyTypeCalculatorTest > returns null when no calculator can handle expression() PASSED

JvmClasspathIndexTest > indexes JDK classes when classpath entries are provided() PASSED

StatusNotificationTest > NoBuildToolError indicates syntax-only mode() PASSED

GroovyTypeCalculatorTest > calculators are called in priority order() PASSED

StatusNotificationTest > GradleJdkIncompatibleError contains all required fields() PASSED

DefinitionResolverFallbackTest > SourceNavigationSuccessTest > Apache Commons StringUtils navigates to extracted source() PASSED

StatusNotificationTest > GradleJdkIncompatibleError serializes with type discriminator() PASSED

StatusNotificationTest > GenericError allows arbitrary error codes() PASSED

StatusNotificationTest > DependencyResolutionError captures build tool and cause() PASSED

StatusNotificationTest > StatusNotification defaults to no error details() PASSED

StatusNotificationTest > StatusNotification with error health serializes correctly() PASSED

StatusNotificationTest > JavaNotFoundError includes searched locations() PASSED

StatusNotificationTest > ErrorDetails sealed interface enforces type property() PASSED

StatusNotificationTest > StatusNotification with GradleJdkIncompatibleError serializes correctly() PASSED

TypeDefinitionIntegrationTest > test field type definition() PASSED

DefinitionResolverFallbackTest > SourceNavigationSuccessTest > SourceNavigator is invoked with jar URI and class name() PASSED

DefinitionResolverFallbackTest > FallbackBehaviorTest > fallbacks to binary URI when source navigation returns BinaryOnly() PASSED

SourceJarExtractorTest > findSourceForClass - handles inner classes() PASSED

TypeDefinitionIntegrationTest > test parameter type() PASSED

DefinitionResolverFallbackTest > FallbackBehaviorTest > fallbacks to binary URI when source navigation throws exception() PASSED

SourceJarExtractorTest > findSourceForClass - finds extracted class() PASSED

TypeDefinitionIntegrationTest > test collection literal inference() PASSED

SourceJarExtractorTest > getStatistics - returns correct counts() PASSED

DefinitionResolverFallbackTest > FallbackBehaviorTest > works correctly when SourceNavigator is null() PASSED

SourceJarExtractorTest > extractAndIndex - extracts java files from source jar() PASSED

SourceJarExtractorTest > extractAndIndex - rejects zip slip entries() PASSED

SourceJarExtractorTest > extractAndIndex - caches results() PASSED

DefinitionResolverFallbackTest > ImportNodeResolutionTest > import node triggers source navigation and returns extracted source() PASSED

SourceJarExtractorTest > findSourceForClass - returns null for unknown class() PASSED

TypeDefinitionIntegrationTest > test variable type definition() PASSED

SourceJarExtractorTest > extractAndIndex - returns empty for nonexistent jar() PASSED

SourceNavigationServiceTest > InstanceTest > multiple instances are independent() PASSED

SourceNavigationServiceTest > SourceResultTest > SourceResult SourceLocation with default lineNumber() PASSED

TypeDefinitionIntegrationTest > test method return type() PASSED

SourceNavigationServiceTest > SourceResultTest > SourceResult BinaryOnly includes reason() PASSED

SourceNavigationServiceTest > SourceResultTest > SourceResult SourceLocation holds all data() PASSED

TypeDefinitionIntegrationTest > test primitive types return null location() PASSED

TypeDefinitionIntegrationTest > test def keyword inference() PASSED

WorkerRouterFactoryTest > uses configured worker descriptors when provided() PASSED

WorkerRouterFactoryTest > invalid maxVersion rejects descriptor() PASSED

WorkerRouterFactoryTest > duplicate ids ignore later entries() PASSED

WorkerRouterFactoryTest > inverted version range rejects descriptor() PASSED

NativeParserAdapterTest > allSymbols includes constructors as children() PASSED

NativeParserAdapterTest > allSymbols includes methods as children() PASSED

NativeParserAdapterTest > allSymbols returns class with correct name and kind() PASSED

NativeParserAdapterTest > nodeAt returns null for position outside AST() PASSED

NativeParserAdapterTest > diagnostics are converted from parser diagnostics() PASSED

NativeParserAdapterTest > isSuccessful returns true when no errors() PASSED

GradleDependencyIntegrationTest > should compile groovy code with external dependencies() PASSED

DefinitionResolverFallbackTest > WorkspaceClassResolutionTest > resolves workspace class from symbol index() PASSED

MultipleDiagnosticsPropertyTest > property - no duplicate actions for same diagnostic PASSED

MultipleDiagnosticsPropertyTest > property - returns at most M actions for M diagnostics with handlers PASSED

MultipleDiagnosticsPropertyTest > property - non-CodeNarc diagnostics produce no actions PASSED

MultipleDiagnosticsPropertyTest > property - each action references an input diagnostic PASSED

HoverComplexTest > test hover in kitchen sink scenarios() PASSED

ConventionFixHandlersTest > property - public modifier removal produces correct result PASSED

JenkinsSemanticTokenProviderTest > SemanticToken data class should be properly constructible() PASSED

JenkinsSemanticTokenProviderTest > token types should match LSP spec indices() PASSED

ConventionFixHandlersTest > property - def keyword removal produces correct result PASSED

JenkinsSemanticTokenProviderTest > token types should have distinct values() PASSED

GradleDependencyIntegrationTest > should initialize workspace and resolve dependencies for compilation() PASSED

FixContextTest > FixContext data class equality works correctly() PASSED

FixContextTest > FixContext stores uriString correctly() PASSED

FixContextTest > FixContext stores lines correctly() PASSED

ConventionFixHandlersTest > property - getter to property access produces correct result PASSED

FixContextTest > FixContext stores content correctly() PASSED

FixContextTest > FixContext stores diagnostic correctly() PASSED

LintFixActionPropertyTest > null source diagnostics return empty actions() PASSED

ConventionFixHandlersTest > property - setter to property assignment produces correct result PASSED

TypeDefinitionProviderTest > TypeDefinitionProviderFactory creates provider correctly() PASSED

ImportFixHandlersTest > DuplicateImport handler removes entire import line() PASSED

ImportFixHandlersTest > import handler handles import at first line with content after() PASSED

ImportFixHandlersTest > UnusedImport handler removes last line import correctly() PASSED

ImportFixHandlersTest > import handler handles multiple imports removing middle one() PASSED

ImportFixHandlersTest > import handler handles single line file() PASSED

ImportFixHandlersTest > ImportFromSamePackage handler removes entire import line() PASSED

ImportFixHandlersTest > UnusedImport handler returns null for out of bounds line() PASSED

ImportFixHandlersTest > UnnecessaryGroovyImport handler removes entire import line() PASSED

ImportFixHandlersTest > UnusedImport handler removes entire import line including newline() PASSED

TypeDefinitionProviderTest > provideTypeDefinition returns empty list when no compilation context() PASSED

DiagnosticsServiceTest > respects denylist and skips denied provider() PASSED

CompletionProviderTest > test getContextualCompletions without compilation() PASSED

DiagnosticsServiceTest > handles CodeNarcDiagnosticProvider via adapter() PASSED

DiagnosticsServiceTest > works with DiagnosticProviderAdapter wrapping mock legacy provider() PASSED

DiagnosticsServiceTest > propagates CancellationException when coroutine is cancelled() PASSED

CompletionProviderTest > test getContextualCompletions with invalid URI() PASSED

DiagnosticsServiceTest > continues processing when one provider throws exception() PASSED

DiagnosticsServiceTest > denylist takes precedence over allowlist() PASSED

DiagnosticsServiceTest > handles provider that emits some diagnostics then fails() PASSED

DiagnosticsServiceTest > logs provider ID when catching exceptions() PASSED

CompletionProviderTest > test getContextualCompletions with valid URI() PASSED

DiagnosticsServiceTest > returns empty list when no providers are configured() PASSED

DiagnosticsServiceTest > returns combined diagnostics from multiple enabled providers() PASSED

DiagnosticsServiceTest > respects allowlist and enables disabled-by-default provider() PASSED

DiagnosticsServiceTest > filters out multiple disabled providers() PASSED

SpockBlockCompletionTest > does not suggest spock block labels when file name ends with Spec groovy but class is not a spec() PASSED

DiagnosticsServiceTest > returns diagnostics from single enabled provider() PASSED

GroovyTextDocumentServiceTest > test definition returns empty list when compilation fails or is missing() PASSED

SourceNavigationServiceTest > NavigateToSourceTest > handles jrt URI for JDK classes() PASSED

SimpleTypeTest > test if TypeResolver can handle basic nodes without suspension() PASSED

SourceNavigationServiceTest > NavigateToSourceTest > returns BinaryOnly for invalid jar URI scheme() PASSED

SimpleTypeTest > test basic Groovy compilation and AST creation() PASSED

SourceNavigationServiceTest > NavigateToSourceTest > returns BinaryOnly when jar path does not exist() PASSED

SourceNavigationServiceTest > NavigateToSourceTest > finds adjacent source JAR for local dependencies() PASSED

SourceNavigationServiceTest > StatisticsTest > getStatistics returns expected keys() PASSED

SourceNavigationServiceTest > StatisticsTest > getStatistics starts with zero extracted jars() PASSED

SourceNavigationServiceTest > StatisticsTest > getStatistics returns correct types() PASSED

GroovyTypeResolverTest > resolveType for FieldNode returns field type() PASSED

GroovyTypeResolverTest > resolveType for MethodNode returns return type() PASSED

GroovyTypeResolverTest > resolveClassLocation for primitive type returns null() PASSED

GroovyTypeResolverTest > resolveType for Parameter returns parameter type() PASSED

GroovyVersionRangeTest > range rejects versions below min() PASSED

GroovyVersionRangeTest > range includes min and max() PASSED

GroovyVersionTest > parse invalid version returns null() PASSED

GroovyVersionRangeTest > range requires max not below min() PASSED

GroovyVersionRangeTest > range without max accepts higher versions() PASSED

GroovyVersionRangeTest > range rejects versions above max() PASSED

WorkerRouterTest > returns null when no worker matches() PASSED

WorkerRouterTest > selects worker matching resolved groovy version and required features() PASSED

GroovyVersionTest > release is newer than rc() PASSED

GroovyVersionTest > snapshot is newer than release() PASSED

GroovyVersionTest > parse version without patch defaults to zero() PASSED

GroovyVersionTest > parse version with patch() PASSED

GroovyVersionTest > qualifier without minor keeps zeroed minor and patch() PASSED

SpockBlockCompletionTest > does not suggest spock block labels when cursor is mid line() PASSED

SpockBlockCompletionTest > does not suggest spock block labels in non spock file() PASSED

SpockBlockCompletionTest > does not suggest spock block labels when spock import is only in a comment() PASSED

SpockBlockCompletionTest > suggests spock block labels at line start inside spec() PASSED

SpockBlockCompletionTest > does not suggest spock block labels inside multiline string() PASSED

SpockBlockCompletionTest > does not suggest spock block labels inside multiline comment() PASSED

DocumentHighlightProviderTest > test highlight at position zero() PASSED

DocumentHighlightProviderTest > test highlight variable references in same scope() PASSED

UnifiedHoverProviderTest > getHover returns formatted markdown for valid node() PASSED

DocumentHighlightProviderTest > test highlight parameter references with scoping() PASSED

UnifiedHoverProviderTest > getHover handles null documentation and type() PASSED

DocumentHighlightProviderTest > test highlight parameter references() PASSED

UnifiedHoverProviderTest > getHover returns empty when no node at position() PASSED

DocumentHighlightProviderTest > test highlight for unresolvable symbol returns empty() PASSED

DocumentHighlightProviderTest > test highlight method parameter referenced inside closure() PASSED

DocumentHighlightProviderTest > test highlight with shift compound assignments() PASSED

DocumentHighlightProviderTest > test highlight with read and write classification() PASSED

DocumentHighlightProviderTest > test highlight closure parameter references() PASSED

CodeActionProviderTest > does not provide lint fix action for non-CodeNarc diagnostic with same rule name() PASSED

DocumentHighlightProviderTest > test highlight with prefix and postfix operators() PASSED

DocumentHighlightProviderTest > test highlight class references() PASSED

DocumentHighlightProviderTest > test highlight with multiple assignment operators() PASSED

DocumentHighlightProviderTest > test highlights without compilation() PASSED

DocumentHighlightProviderTest > test highlight method references() PASSED

CodeActionStructurePropertyTest > property - code actions have valid structure PASSED

CodeActionStructurePropertyTest > property - code action title matches registry title PASSED

CodeActionStructurePropertyTest > property - code action edit targets correct URI PASSED

DocumentHighlightProviderTest > test no cross-file highlights() PASSED

DocumentHighlightProviderTest > test highlight with bitwise compound assignments() PASSED

DocumentHighlightProviderTest > test highlight field references() PASSED

DocumentHighlightProviderTest > test highlight with compound assignments() PASSED

DocumentHighlightProviderTest > test no highlights for position with no symbol() PASSED

RenameProviderTest > rename method updates all calls() PASSED

RenameProviderTest > rename top-level class includes file rename() PASSED

RenameProviderTest > rename with same name should fail() PASSED

FixHandlerRegistryTest > property - unregistered random rule names return null handler PASSED

CodeActionProviderTest > provides lint fix action for UnusedImport diagnostic() PASSED

CodeActionProviderTest > provides lint fix action for UnnecessarySemicolon diagnostic() PASSED

CodeActionProviderTest > provides no actions when document not found() PASSED

RenameProviderTest > rename with keyword should fail() PASSED

RenameProviderTest > rename with whitespace-only name should fail() PASSED

RenameProviderTest > rename class in file with different name should not include file rename() PASSED

RenameProviderTest > rename with empty name should fail() PASSED

RenameProviderTest > rename at position with no symbol should fail() PASSED

RenameProviderTest > rename class property updates all accesses() PASSED

RenameProviderTest > rename local variable updates all references() PASSED

RenameProviderTest > rename with invalid identifier should fail() PASSED

RenameProviderTest > rename with special characters should fail() PASSED

RenameProviderTest > rename parameter in method signature and body() PASSED

CodeActionProviderTest > provides lint fix action for UnnecessaryPublicModifier diagnostic() PASSED

CodeActionProviderTest > provides lint fix action for TrailingWhitespace diagnostic() PASSED

CodeActionProviderTest > handles multiple diagnostics correctly() PASSED

CodeActionProviderTest > lint fix action contains original diagnostic() PASSED

CodeActionProviderTest > provides no formatting action when document already formatted() PASSED

CodeActionProviderTest > lint fix action edit targets correct URI() PASSED

CodeActionProviderTest > provides multiple lint fix actions for multiple CodeNarc diagnostics() PASSED

CodeActionProviderTest > handles empty diagnostics list() PASSED

CodeActionProviderTest > provides no import action for missing symbol with no candidates() PASSED

TestDiscoveryProviderTest > should discover tests in Spock specification() PASSED

TestDiscoveryProviderTest > should skip non-Spock classes() PASSED

CodeActionProviderTest > provides no import action for non-import-related diagnostics() PASSED

CodeActionProviderTest > provides lint fix action for UnnecessaryGetter diagnostic() PASSED

CodeActionProviderTest > provides formatting action when document needs formatting() PASSED

CodeActionProviderTest > provides no lint fix actions for unknown CodeNarc issues() PASSED

WhitespaceFixHandlersTest > consecutive blank lines handler reduces 3 blank lines to 1() PASSED

WhitespaceFixHandlersTest > consecutive blank lines handler handles blank lines at end of file() PASSED

WhitespaceFixHandlersTest > blank line before package handler returns null for out of bounds line() PASSED

WhitespaceFixHandlersTest > blank line before package handler removes multiple blank lines before package() PASSED

WhitespaceFixHandlersTest > trailing whitespace handler returns null for line without trailing whitespace() PASSED

WhitespaceFixHandlersTest > consecutive blank lines handler reduces 2 blank lines to 1() PASSED

WhitespaceFixHandlersTest > blank line before package handler handles whitespace-only lines before package() PASSED

WhitespaceFixHandlersTest > semicolon handler handles multiline content() PASSED

WhitespaceFixHandlersTest > blank line before package handler returns null when no blank lines before package() PASSED

WhitespaceFixHandlersTest > consecutive blank lines handler handles blank lines at start of file() PASSED

WhitespaceFixHandlersTest > blank line before package handler returns null when package is at line 0() PASSED

WhitespaceFixHandlersTest > trailing whitespace handler removes spaces from end of line() PASSED

WhitespaceFixHandlersTest > consecutive blank lines handler returns null for out of bounds line() PASSED

WhitespaceFixHandlersTest > semicolon handler removes semicolon from end of statement() PASSED

WhitespaceFixHandlersTest > semicolon handler preserves trailing whitespace() PASSED

WhitespaceFixHandlersTest > trailing whitespace handler handles mixed spaces and tabs() PASSED

WhitespaceFixHandlersTest > semicolon handler returns null for out of bounds line() PASSED

WhitespaceFixHandlersTest > trailing whitespace handler handles multiline content() PASSED

WhitespaceFixHandlersTest > trailing whitespace handler returns null for out of bounds line() PASSED

WhitespaceFixHandlersTest > trailing whitespace handler removes tabs from end of line() PASSED

WhitespaceFixHandlersTest > trailing whitespace handler handles line with only whitespace() PASSED

WhitespaceFixHandlersTest > blank line before package handler removes single blank line before package() PASSED

JenkinsPropertyCompletionTest > shadowed currentBuild variable should NOT provide Jenkins properties() PASSED

JenkinsPropertyCompletionTest > shadowed params variable should NOT provide Jenkins properties() PASSED

JenkinsPropertyCompletionTest > env dot should NOT provide Jenkins properties in regular Groovy file() PASSED

JenkinsPropertyCompletionTest > shadowed env variable should NOT provide Jenkins properties() PASSED

GroovyTextDocumentServiceCodeActionTest > codeAction handles empty diagnostics() PASSED

GroovyTextDocumentServiceCodeActionTest > codeAction handles concurrent requests() PASSED

GroovyTextDocumentServiceCodeActionTest > codeAction returns empty list when document not found() PASSED

JenkinsPropertyCompletionTest > env dot should provide BUILD_ID completion in Jenkinsfile() PASSED

GroovyTextDocumentServiceCodeActionTest > codeAction handles diagnostics without crashing() PASSED

JenkinsPropertyCompletionTest > unknown qualifier should still get normal method completions() PASSED

GroovyTextDocumentServiceCodeActionTest > codeAction returns code actions not commands() PASSED

JenkinsPropertyCompletionTest > currentBuild dot should provide result completion in Jenkinsfile() PASSED

GroovyTextDocumentServiceSemanticTokensTest > should return empty tokens for non-Jenkins file() PASSED

JenkinsVarsResolutionStrategyTest > Jenkins vars strategy does not treat ConstantExpression as method name() PASSED

JenkinsVarsResolutionStrategyTest > Jenkins vars strategy resolves to def call line number() PASSED

JenkinsVarsResolutionStrategyTest > Jenkins vars strategy resolves method call to vars file() PASSED

HoverProviderTest > provideHover returns hover for closure expressions() PASSED

HoverProviderTest > provideHover returns hover for method with closure argument() PASSED

HoverProviderTest > provideHover shows proper context for script methods() PASSED

HoverProviderTest > provideHover handles enhanced method call with closures() PASSED

HoverProviderTest > provideHover returns hover for GString expressions() PASSED

HoverProviderTest > provideHover includes GroovyDoc documentation in response() PASSED

HoverProviderTest > hover on import statement shows external class documentation() PASSED

HoverProviderTest > provideHover returns hover for import statement() PASSED

GroovyTextDocumentServiceSemanticTokensTest > should handle Jenkins file with wrapper blocks() PASSED

HoverProviderTest > provideHover shows contextual information for methods() PASSED

HoverProviderTest > provideHover returns hover for field declaration() PASSED

HoverProviderTest > provideHover returns null for position without hoverable content() PASSED

HoverProviderTest > provideHover returns hover for method declaration() PASSED

HoverProviderTest > provideHover shows proper information for method calls() PASSED

HoverProviderTest > provideHover returns hover for closure expression() PASSED

HoverProviderTest > provideHover handles position outside file bounds() PASSED

HoverProviderTest > provideHover handles variable references and definitions() PASSED

HoverProviderTest > provideHover works for method parameters() PASSED

HoverProviderTest > provideHover handles compilation errors gracefully() PASSED

HoverProviderTest > provideHover handles method with parameters and return type() PASSED

HoverProviderTest > provideHover returns null for invalid URI() PASSED

HoverProviderTest > provideHover distinguishes method calls from string literals() PASSED

HoverProviderTest > provideHover returns hover for class declaration() PASSED

HoverProviderTest > provideHover shows proper information for variable declarations() PASSED

HoverProviderTest > provideHover returns method call details instead of literal metadata() PASSED

HoverProviderTest > hover on JDK class in code shows documentation when sourceNavigator is provided() PASSED

HoverProviderTest > provideHover returns hover for package declaration() PASSED

HoverProviderTest > provideHover shows proper information for string literals() PASSED

JenkinsSemanticTokenProviderVarsTest > should tokenize vars global variable calls() PASSED

JenkinsSemanticTokenProviderVarsTest > should handle empty varsNames set gracefully() PASSED

JenkinsSemanticTokenProviderVarsTest > should not tokenize regular method calls as vars() PASSED

JenkinsSemanticTokenProviderVarsTest > should return empty list for non-Jenkins files even with varsNames() PASSED

GroovyTextDocumentServiceSemanticTokensTest > should return semantic tokens for Jenkins pipeline() PASSED

ProjectStartupManagerWorkerSelectionTest > select worker clears selection when no compatible worker() PASSED

ProjectStartupManagerWorkerSelectionTest > select worker stores selected worker in compilation service() PASSED

JenkinsSemanticTokenProviderVarsTest > should handle nested vars calls inside pipeline blocks() PASSED

GroovyVersionResolverTest > highest dependency version is selected() PASSED

GroovyVersionResolverTest > invalid override is ignored() PASSED

GroovyVersionResolverTest > fallback to runtime version when no dependencies() PASSED

GroovyVersionResolverTest > indy suffix is ignored() PASSED

GroovyVersionResolverTest > override version wins over dependencies() PASSED

WorkerSelectorTest > selects worker with matching version and required feature() PASSED

WorkerSelectorTest > throws when duplicate worker ids are registered() PASSED

WorkerSelectorTest > returns null when no worker matches range() PASSED

WorkerSelectorTest > prefers bounded range over unbounded when min matches() PASSED

WorkerSelectorTest > prefers most specific range when multiple workers match() PASSED

JenkinsSemanticTokenProviderVarsTest > should distinguish vars from Jenkins built-in blocks() PASSED

ClasspathServiceTest > uses provided classpath index() PASSED

ClasspathServiceTest > should filter public methods only() PASSED

ClasspathServiceTest > should return empty list for non-existent class() PASSED

ClasspathServiceTest > passes classpath entries to indexer() PASSED

ClasspathServiceTest > should load java_lang_String and extract methods() PASSED

ClasspathServiceTest > should load java_util_List and extract methods() PASSED

LintFixActionPropertyTest > property - CodeNarc diagnostics with case variations are accepted PASSED

ClasspathServiceTest > should load class by name() PASSED

ClasspathServiceTest > should find classes by prefix case-insensitive() PASSED

ClasspathServiceTest > should distinguish static and instance methods() PASSED

ClasspathServiceTest > uses provided reflection for methods() PASSED

ClasspathServiceTest > should return deterministic class variants() PASSED

ClasspathServiceTest > should include default methods like forEach for ArrayList() PASSED

ClasspathServiceTest > should limit results by maxResults parameter() PASSED

ClasspathServiceTest > should return multiple class variants for same simple name() PASSED

ClasspathServiceTest > should return sorted results by simple name() PASSED

ClasspathServiceTest > uses classloader urls when classpath entries are empty() PASSED

ClasspathServiceTest > should include default methods like forEach for List interface() PASSED

ClasspathServiceTest > should index classes from classpath() PASSED

ClasspathServiceTest > should return null for non-existent class when loading() PASSED

ClasspathServiceTest > uses provided reflection for class loading() PASSED

GroovyWorkspaceServiceTest > blank workspace symbol query returns empty result() PASSED

GroovyWorkspaceServiceTest > configuration change reselects worker() PASSED

LintFixActionPropertyTest > property - non-CodeNarc diagnostics return empty actions PASSED

ImportFixHandlersTest > property - import line removal removes entire line including newline PASSED

ImportFixHandlersTest > property - import line removal handles last line correctly PASSED

JavaSourceInspectorTest > RealWorldJavaSourceTest > parses realistic SimpleDateFormat class with pattern documentation() PASSED

JavaSourceInspectorTest > RealWorldJavaSourceTest > parses realistic JDK Date class with full Javadoc() PASSED

JavaSourceInspectorTest > RealWorldJavaSourceTest > parses deprecated class documentation() PASSED

JavaSourceInspectorTest > RealWorldJavaSourceTest > parses class methods with throws documentation() PASSED

JavaSourceInspectorTest > InspectClassTest > returns null for non-existent file() PASSED

JavaSourceInspectorTest > InspectClassTest > inspects Java class with Javadoc and extracts documentation() PASSED

JavaSourceInspectorTest > InspectClassTest > handles JDK-style Date class() PASSED

JavaSourceInspectorTest > InspectClassTest > inspects simple Java class and finds line number() PASSED

DefaultTypeCalculatorTest > returns null when expression type is null() PASSED

DefaultTypeCalculatorTest > returns expression type when available and not placeholder() PASSED

TypeDefinitionDiagnosticTest > debug type resolution process() PASSED

WorkerHandshakeTest > handshake rejects version outside range() PASSED

WorkerHandshakeTest > handshake rejects protocol mismatch() PASSED

WorkerHandshakeTest > handshake compatible when protocol matches and version in range() PASSED

WorkerSessionManagerTest > select falls back to default session when cleared() PASSED

WorkerSessionManagerTest > select uses worker session when set() PASSED

RangeValidationPropertyTest > property - valid line numbers within bounds do not throw exceptions PASSED

RangeValidationPropertyTest > property - negative line numbers return empty actions without exception PASSED

RangeValidationPropertyTest > property - out of bounds line numbers return empty actions without exception PASSED

WhitespaceFixHandlersTest > property - semicolon removal preserves trailing whitespace PASSED

WhitespaceFixHandlersTest > property - trailing whitespace fix range covers only whitespace PASSED

WhitespaceFixHandlersTest > property - semicolon removal removes only the semicolon PASSED

WhitespaceFixHandlersTest > property - consecutive blank lines reduction produces single blank line PASSED

WhitespaceFixHandlersTest > property - trailing whitespace removal produces minimal edit PASSED

723 tests completed, 1 failed, 1 skipped

> Task :groovy-lsp:test FAILED

FAILURE: Build failed with an exception.

* What went wrong:
Execution failed for task ':groovy-lsp:test'.
> There were failing tests. See the report at: file:///Users/adsc/dev/ws/groovy-devtools/groovy-lsp-default-engine/groovy-lsp/build/reports/tests/test/index.html

* Try:
> Run with --scan to generate a Build Scan (powered by Develocity).

BUILD FAILED in 54s
36 actionable tasks: 1 executed, 35 up-to-date
Configuration cache entry reused.
